  error • Expected an identifier • lib/business_logic/engines/backtest/backtest_engine.dart:101:49 • missing_identifier
  error • The getter 'millisecondsSinceEpoch' isn't defined for the type 'int' • lib/business_logic/engines/backtest/backtest_engine.dart:116:35 • undefined_getter
  error • The argument type 'int' can't be assigned to the parameter type 'DateTime'.  • lib/business_logic/engines/backtest/backtest_engine.dart:121:17 • argument_type_not_assignable
  error • The method 'toIso8601String' isn't defined for the type 'int' • lib/data/datasources/local/cache/candle_cache_manager.dart:53:27 • undefined_method
  error • The argument type 'DateTime' can't be assigned to the parameter type 'int'.  • lib/data/datasources/local/cache/candle_cache_manager.dart:66:13 • argument_type_not_assignable
  error • Target of URI hasn't been generated: 'package:metatrader_clone/data/datasources/remote/dto/account_dto.g.dart' • lib/data/datasources/remote/dto/account_dto.dart:4:6 • uri_has_not_been_generated
  error • The method '_$OandaAccountResponseFromJson' isn't defined for the type 'OandaAccountResponse' • lib/data/datasources/remote/dto/account_dto.dart:13:7 • undefined_method
  error • The method '_$OandaAccountResponseToJson' isn't defined for the type 'OandaAccountResponse' • lib/data/datasources/remote/dto/account_dto.dart:15:36 • undefined_method
  error • The method '_$OandaAccountDtoFromJson' isn't defined for the type 'OandaAccountDto' • lib/data/datasources/remote/dto/account_dto.dart:54:7 • undefined_method
  error • The method '_$OandaAccountDtoToJson' isn't defined for the type 'OandaAccountDto' • lib/data/datasources/remote/dto/account_dto.dart:56:36 • undefined_method
  error • Target of URI hasn't been generated: 'package:metatrader_clone/data/datasources/remote/dto/candle_dto.g.dart' • lib/data/datasources/remote/dto/candle_dto.dart:8:6 • uri_has_not_been_generated
  error • The method '_$OandaCandlesResponseFromJson' isn't defined for the type 'OandaCandlesResponse' • lib/data/datasources/remote/dto/candle_dto.dart:24:7 • undefined_method
  error • The method '_$OandaCandlesResponseToJson' isn't defined for the type 'OandaCandlesResponse' • lib/data/datasources/remote/dto/candle_dto.dart:26:36 • undefined_method
  error • The method '_$OandaCandleDtoFromJson' isn't defined for the type 'OandaCandleDto' • lib/data/datasources/remote/dto/candle_dto.dart:49:7 • undefined_method
  error • The method '_$OandaCandleDtoToJson' isn't defined for the type 'OandaCandleDto' • lib/data/datasources/remote/dto/candle_dto.dart:51:36 • undefined_method
  error • The method '_$OandaCandleDataDtoFromJson' isn't defined for the type 'OandaCandleDataDto' • lib/data/datasources/remote/dto/candle_dto.dart:86:7 • undefined_method
  error • The method '_$OandaCandleDataDtoToJson' isn't defined for the type 'OandaCandleDataDto' • lib/data/datasources/remote/dto/candle_dto.dart:88:36 • undefined_method
  error • Target of URI hasn't been generated: 'package:metatrader_clone/data/datasources/remote/dto/price_dto.g.dart' • lib/data/datasources/remote/dto/price_dto.dart:8:6 • uri_has_not_been_generated
  error • The method '_$OandaPriceDtoFromJson' isn't defined for the type 'OandaPriceDto' • lib/data/datasources/remote/dto/price_dto.dart:36:7 • undefined_method
  error • The method '_$OandaPriceDtoToJson' isn't defined for the type 'OandaPriceDto' • lib/data/datasources/remote/dto/price_dto.dart:38:36 • undefined_method
  error • The method '_$OandaPriceBucketDtoFromJson' isn't defined for the type 'OandaPriceBucketDto' • lib/data/datasources/remote/dto/price_dto.dart:75:7 • undefined_method
  error • The method '_$OandaPriceBucketDtoToJson' isn't defined for the type 'OandaPriceBucketDto' • lib/data/datasources/remote/dto/price_dto.dart:77:36 • undefined_method
  error • The method '_$OandaHeartbeatDtoFromJson' isn't defined for the type 'OandaHeartbeatDto' • lib/data/datasources/remote/dto/price_dto.dart:92:7 • undefined_method
  error • The method '_$OandaHeartbeatDtoToJson' isn't defined for the type 'OandaHeartbeatDto' • lib/data/datasources/remote/dto/price_dto.dart:94:36 • undefined_method
  error • Target of URI hasn't been generated: 'package:metatrader_clone/data/datasources/remote/dto/trade_dto.g.dart' • lib/data/datasources/remote/dto/trade_dto.dart:9:6 • uri_has_not_been_generated
  error • The method '_$OandaTradesResponseFromJson' isn't defined for the type 'OandaTradesResponse' • lib/data/datasources/remote/dto/trade_dto.dart:18:7 • undefined_method
  error • The method '_$OandaTradesResponseToJson' isn't defined for the type 'OandaTradesResponse' • lib/data/datasources/remote/dto/trade_dto.dart:20:36 • undefined_method
  error • The method '_$OandaTradeDtoFromJson' isn't defined for the type 'OandaTradeDto' • lib/data/datasources/remote/dto/trade_dto.dart:52:7 • undefined_method
  error • The method '_$OandaTradeDtoToJson' isn't defined for the type 'OandaTradeDto' • lib/data/datasources/remote/dto/trade_dto.dart:54:36 • undefined_method
  error • Target of URI hasn't been generated: 'package:metatrader_clone/data/models/account_model.g.dart' • lib/data/models/account_model.dart:4:6 • uri_has_not_been_generated
  error • The method '_$AccountModelFromJson' isn't defined for the type 'AccountModel' • lib/data/models/account_model.dart:22:7 • undefined_method
  error • The method '_$AccountModelToJson' isn't defined for the type 'AccountModel' • lib/data/models/account_model.dart:24:36 • undefined_method
  error • Target of URI hasn't been generated: 'package:metatrader_clone/data/models/candle_model.g.dart' • lib/data/models/candle_model.dart:9:6 • uri_has_not_been_generated
  error • The method '_$CandleModelFromJson' isn't defined for the type 'CandleModel' • lib/data/models/candle_model.dart:26:7 • undefined_method
  error • The method '_$CandleModelToJson' isn't defined for the type 'CandleModel' • lib/data/models/candle_model.dart:29:36 • undefined_method
  error • Target of URI hasn't been generated: 'package:metatrader_clone/data/models/tick_model.g.dart' • lib/data/models/tick_model.dart:8:6 • uri_has_not_been_generated
  error • The method '_$TickModelFromJson' isn't defined for the type 'TickModel' • lib/data/models/tick_model.dart:21:7 • undefined_method
  error • The method '_$TickModelToJson' isn't defined for the type 'TickModel' • lib/data/models/tick_model.dart:23:36 • undefined_method
  error • Target of URI hasn't been generated: 'package:metatrader_clone/data/models/trade_model.g.dart' • lib/data/models/trade_model.dart:8:6 • uri_has_not_been_generated
  error • The method '_$TradeModelFromJson' isn't defined for the type 'TradeModel' • lib/data/models/trade_model.dart:31:7 • undefined_method
  error • The method '_$TradeModelToJson' isn't defined for the type 'TradeModel' • lib/data/models/trade_model.dart:33:36 • undefined_method
  error • The argument type 'DateTime' can't be assigned to the parameter type 'int'.  • lib/data/repositories/market_repository_impl.dart:73:19 • argument_type_not_assignable
  error • The argument type 'List<dynamic>' can't be assigned to the parameter type 'List<Candle>?'.  • lib/presentation/bloc/chart/chart_bloc.dart:93:44 • argument_type_not_assignable
  error • The argument type 'List<dynamic>' can't be assigned to the parameter type 'List<Trade>?'.  • lib/presentation/bloc/trading/trading_bloc.dart:57:23 • argument_type_not_assignable
  error • Expected an identifier • lib/presentation/widgets/account/account_summary_card.dart:34:17 • missing_identifier
  error • Expected an identifier • lib/presentation/widgets/account/account_summary_card.dart:46:21 • missing_identifier
  error • Expected an identifier • lib/presentation/widgets/account/account_summary_card.dart:52:21 • missing_identifier
  error • Expected an identifier • lib/presentation/widgets/account/account_summary_card.dart:123:13 • missing_identifier
  error • Expected an identifier • lib/presentation/widgets/trading/position_card.dart:121:21 • missing_identifier
